Archive member included to satisfy reference by file (symbol)

bin/libcore.a(wiring.o)       bin/blink.o (delay)
bin/libcore.a(wiring_digital.o)
                              bin/blink.o (pinMode)
bin/libcore.a(hooks.o)        bin/libcore.a(wiring.o) (yield)
bin/libcore.a(HardwareSerial1.o)
                              bin/blink.o (Serial1)
bin/libcore.a(Print.o)        bin/Wire.o (_ZN5Print5writeEPKhj)
bin/libcore.a(abi.o)          bin/Wire.o (__cxa_pure_virtual)
bin/libcore.a(main.o)         /usr/share/arduino/hardware/tools/avr/bin/../lib/gcc/avr/4.8.1/../../../../avr/lib/avr5/crtm32u4.o (main)
bin/libcore.a(HardwareSerial.o)
                              bin/libcore.a(HardwareSerial1.o) (_ZN14HardwareSerial9availableEv)
bin/libcore.a(CDC.o)          bin/blink.o (_ZN7Serial_5beginEm)
bin/libcore.a(USBCore.o)      bin/libcore.a(CDC.o) (_Z13USB_Availableh)
bin/libcore.a(HID.o)          bin/libcore.a(USBCore.o) (_Z16HID_GetInterfacePh)
/usr/share/arduino/hardware/tools/avr/bin/../lib/gcc/avr/4.8.1/../../../../avr/lib/avr5/libm.a(addsf3.o)
                              bin/libcore.a(Print.o) (__subsf3)
/usr/share/arduino/hardware/tools/avr/bin/../lib/gcc/avr/4.8.1/../../../../avr/lib/avr5/libm.a(addsf3x.o)
                              /usr/share/arduino/hardware/tools/avr/bin/../lib/gcc/avr/4.8.1/../../../../avr/lib/avr5/libm.a(addsf3.o) (__addsf3x)
/usr/share/arduino/hardware/tools/avr/bin/../lib/gcc/avr/4.8.1/../../../../avr/lib/avr5/libm.a(cmpsf2.o)
                              bin/libcore.a(Print.o) (__ltsf2)
/usr/share/arduino/hardware/tools/avr/bin/../lib/gcc/avr/4.8.1/../../../../avr/lib/avr5/libm.a(divsf3.o)
                              bin/libcore.a(Print.o) (__divsf3)
/usr/share/arduino/hardware/tools/avr/bin/../lib/gcc/avr/4.8.1/../../../../avr/lib/avr5/libm.a(divsf3x.o)
                              /usr/share/arduino/hardware/tools/avr/bin/../lib/gcc/avr/4.8.1/../../../../avr/lib/avr5/libm.a(divsf3.o) (__divsf3x)
/usr/share/arduino/hardware/tools/avr/bin/../lib/gcc/avr/4.8.1/../../../../avr/lib/avr5/libm.a(fixsfsi.o)
                              bin/libcore.a(Print.o) (__fixsfsi)
/usr/share/arduino/hardware/tools/avr/bin/../lib/gcc/avr/4.8.1/../../../../avr/lib/avr5/libm.a(fixunssfsi.o)
                              bin/libcore.a(Print.o) (__fixunssfsi)
/usr/share/arduino/hardware/tools/avr/bin/../lib/gcc/avr/4.8.1/../../../../avr/lib/avr5/libm.a(floatsisf.o)
                              bin/libcore.a(Print.o) (__floatunsisf)
/usr/share/arduino/hardware/tools/avr/bin/../lib/gcc/avr/4.8.1/../../../../avr/lib/avr5/libm.a(fp_cmp.o)
                              /usr/share/arduino/hardware/tools/avr/bin/../lib/gcc/avr/4.8.1/../../../../avr/lib/avr5/libm.a(cmpsf2.o) (__fp_cmp)
/usr/share/arduino/hardware/tools/avr/bin/../lib/gcc/avr/4.8.1/../../../../avr/lib/avr5/libm.a(fp_inf.o)
                              /usr/share/arduino/hardware/tools/avr/bin/../lib/gcc/avr/4.8.1/../../../../avr/lib/avr5/libm.a(addsf3x.o) (__fp_inf)
/usr/share/arduino/hardware/tools/avr/bin/../lib/gcc/avr/4.8.1/../../../../avr/lib/avr5/libm.a(fp_nan.o)
                              /usr/share/arduino/hardware/tools/avr/bin/../lib/gcc/avr/4.8.1/../../../../avr/lib/avr5/libm.a(addsf3x.o) (__fp_nan)
/usr/share/arduino/hardware/tools/avr/bin/../lib/gcc/avr/4.8.1/../../../../avr/lib/avr5/libm.a(fp_pscA.o)
                              /usr/share/arduino/hardware/tools/avr/bin/../lib/gcc/avr/4.8.1/../../../../avr/lib/avr5/libm.a(addsf3x.o) (__fp_pscA)
/usr/share/arduino/hardware/tools/avr/bin/../lib/gcc/avr/4.8.1/../../../../avr/lib/avr5/libm.a(fp_pscB.o)
                              /usr/share/arduino/hardware/tools/avr/bin/../lib/gcc/avr/4.8.1/../../../../avr/lib/avr5/libm.a(addsf3x.o) (__fp_pscB)
/usr/share/arduino/hardware/tools/avr/bin/../lib/gcc/avr/4.8.1/../../../../avr/lib/avr5/libm.a(fp_round.o)
                              /usr/share/arduino/hardware/tools/avr/bin/../lib/gcc/avr/4.8.1/../../../../avr/lib/avr5/libm.a(addsf3.o) (__fp_round)
/usr/share/arduino/hardware/tools/avr/bin/../lib/gcc/avr/4.8.1/../../../../avr/lib/avr5/libm.a(fp_split3.o)
                              /usr/share/arduino/hardware/tools/avr/bin/../lib/gcc/avr/4.8.1/../../../../avr/lib/avr5/libm.a(addsf3x.o) (__fp_split3)
/usr/share/arduino/hardware/tools/avr/bin/../lib/gcc/avr/4.8.1/../../../../avr/lib/avr5/libm.a(fp_zero.o)
                              /usr/share/arduino/hardware/tools/avr/bin/../lib/gcc/avr/4.8.1/../../../../avr/lib/avr5/libm.a(addsf3x.o) (__fp_zero)
/usr/share/arduino/hardware/tools/avr/bin/../lib/gcc/avr/4.8.1/../../../../avr/lib/avr5/libm.a(gesf2.o)
                              bin/libcore.a(Print.o) (__gtsf2)
/usr/share/arduino/hardware/tools/avr/bin/../lib/gcc/avr/4.8.1/../../../../avr/lib/avr5/libm.a(mulsf3.o)
                              bin/libcore.a(Print.o) (__mulsf3)
/usr/share/arduino/hardware/tools/avr/bin/../lib/gcc/avr/4.8.1/../../../../avr/lib/avr5/libm.a(mulsf3x.o)
[...]
Memory Configuration

Name             Origin             Length             Attributes
text             0x0000000000000000 0x0000000000020000 xr
data             0x0000000000800060 0x000000000000ffa0 rw !x
eeprom           0x0000000000810000 0x0000000000010000 rw !x
fuse             0x0000000000820000 0x0000000000000400 rw !x
lock             0x0000000000830000 0x0000000000000400 rw !x
signature        0x0000000000840000 0x0000000000000400 rw !x
*default*        0x0000000000000000 0xffffffffffffffff

Linker script and memory map

Address of section .data set to 0x800100
LOAD /usr/share/arduino/hardware/tools/avr/bin/../lib/gcc/avr/4.8.1/../../../../avr/lib/avr5/crtm32u4.o
LOAD bin/blink.o
LOAD bin/twi.o
LOAD bin/Wire.o
LOAD bin/SPI.o
LOAD bin/libcore.a
LOAD /usr/share/arduino/hardware/tools/avr/bin/../lib/gcc/avr/4.8.1/../../../../avr/lib/avr5/libm.a
START GROUP
LOAD /usr/share/arduino/hardware/tools/avr/bin/../lib/gcc/avr/4.8.1/avr5/libgcc.a
LOAD /usr/share/arduino/hardware/tools/avr/bin/../lib/gcc/avr/4.8.1/../../../../avr/lib/avr5/libm.a
LOAD /usr/share/arduino/hardware/tools/avr/bin/../lib/gcc/avr/4.8.1/../../../../avr/lib/avr5/libc.a
END GROUP

.hash
 *(.hash)

.dynsym
 *(.dynsym)

.dynstr
 *(.dynstr)

.gnu.version
 *(.gnu.version)

.gnu.version_d
 *(.gnu.version_d)

.gnu.version_r
 *(.gnu.version_r)

.rel.init
 *(.rel.init)

.rela.init
 *(.rela.init)

.rel.text
 *(.rel.text)
 *(.rel.text.*)
 *(.rel.gnu.linkonce.t*)

.rela.text
 *(.rela.text)
 *(.rela.text.*)
 *(.rela.gnu.linkonce.t*)

.rel.fini
 *(.rel.fini)

.rela.fini
 *(.rela.fini)

.rel.rodata
 *(.rel.rodata)
 *(.rel.rodata.*)
 *(.rel.gnu.linkonce.r*)

.rela.rodata
 *(.rela.rodata)
 *(.rela.rodata.*)
 *(.rela.gnu.linkonce.r*)

.rel.data
 *(.rel.data)
 *(.rel.data.*)
 *(.rel.gnu.linkonce.d*)

.rela.data
 *(.rela.data)
 *(.rela.data.*)
 *(.rela.gnu.linkonce.d*)

.rel.ctors
 *(.rel.ctors)

.rela.ctors
 *(.rela.ctors)

.rel.dtors
 *(.rel.dtors)

.rela.dtors
 *(.rela.dtors)

.rel.got
 *(.rel.got)

.rela.got
 *(.rela.got)

.rel.bss
 *(.rel.bss)

.rela.bss
 *(.rela.bss)

.rel.plt
 *(.rel.plt)

.rela.plt
 *(.rela.plt)

.text           0x0000000000000000     0x1a72
 *(.vectors)
 .vectors       0x0000000000000000       0xac /usr/share/arduino/hardware/tools/avr/bin/../lib/gcc/avr/4.8.1/../../../../avr/lib/avr5/crtm32u4.o
                0x0000000000000000                __vectors
                0x0000000000000000                __vector_default
 *(.vectors)
 *(.progmem.gcc*)
 .progmem.gcc_sw_table.turnOffPWM
                0x00000000000000ac       0x1e bin/libcore.a(wiring_digital.o)
                0x00000000000000ca                . = ALIGN (0x2)
                0x00000000000000ca                __trampolines_start = .
 *(.trampolines)
 .trampolines   0x00000000000000ca        0x0 linker stubs
 *(.trampolines*)
                0x00000000000000ca                __trampolines_end = .
 *(.progmem*)
 .progmem.data.digital_pin_to_timer_PGM
                0x00000000000000ca       0x10 bin/libcore.a(wiring_digital.o)
                0x00000000000000ca                digital_pin_to_timer_PGM
 .progmem.data.digital_pin_to_bit_mask_PGM
                0x00000000000000da       0x1e bin/libcore.a(wiring_digital.o)
                0x00000000000000da                digital_pin_to_bit_mask_PGM
 .progmem.data.digital_pin_to_port_PGM
                0x00000000000000f8       0x1e bin/libcore.a(wiring_digital.o)
                0x00000000000000f8                digital_pin_to_port_PGM
 .progmem.data.port_to_output_PGM
                0x0000000000000116        0xe bin/libcore.a(wiring_digital.o)
                0x0000000000000116                port_to_output_PGM
 .progmem.data.port_to_mode_PGM
                0x0000000000000124        0xe bin/libcore.a(wiring_digital.o)
                0x0000000000000124                port_to_mode_PGM
 .progmem.data._cdcInterface
                0x0000000000000132       0x42 bin/libcore.a(CDC.o)
                0x0000000000000132                _cdcInterface
 .progmem.data._initEndpoints
                0x0000000000000174        0x5 bin/libcore.a(USBCore.o)
                0x0000000000000174                _initEndpoints
 .progmem.data.USB_DeviceDescriptorA
                0x0000000000000179       0x12 bin/libcore.a(USBCore.o)
                0x0000000000000179                USB_DeviceDescriptorA
 .progmem.data.USB_DeviceDescriptor
                0x000000000000018b       0x12 bin/libcore.a(USBCore.o)
                0x000000000000018b                USB_DeviceDescriptor
 .progmem.data.STRING_MANUFACTURER
                0x000000000000019d        0x9 bin/libcore.a(USBCore.o)
                0x000000000000019d                STRING_MANUFACTURER
 .progmem.data.STRING_PRODUCT
                0x00000000000001a6        0xd bin/libcore.a(USBCore.o)
                0x00000000000001a6                STRING_PRODUCT
 .progmem.data.STRING_LANGUAGE
                0x00000000000001b3        0x4 bin/libcore.a(USBCore.o)
                0x00000000000001b3                STRING_LANGUAGE
 .progmem.data._asciimap
                0x00000000000001b7       0x80 bin/libcore.a(HID.o)
                0x00000000000001b7                _asciimap
 .progmem.data._hidInterface
                0x0000000000000237       0x19 bin/libcore.a(HID.o)
                0x0000000000000237                _hidInterface
 .progmem.data._hidReportDescriptor
                0x0000000000000250       0x65 bin/libcore.a(HID.o)
                0x0000000000000250                _hidReportDescriptor
                0x00000000000002b6                . = ALIGN (0x2)
 *fill*         0x00000000000002b5        0x1 
 *(.jumptables)
 *(.jumptables*)
 *(.lowtext)
 *(.lowtext*)
                0x00000000000002b6                __ctors_start = .
 *(.ctors)
 .ctors         0x00000000000002b6        0x2 bin/Wire.o
 .ctors         0x00000000000002b8        0x2 bin/libcore.a(HardwareSerial1.o)
 .ctors         0x00000000000002ba        0x2 bin/libcore.a(CDC.o)
 .ctors         0x00000000000002bc        0x2 bin/libcore.a(HID.o)
                0x00000000000002be                __ctors_end = .
                0x00000000000002be                __dtors_start = .
 *(.dtors)
                0x00000000000002be                __dtors_end = .
 SORT(*)(.ctors)
 SORT(*)(.dtors)
 *(.init0)
 .init0         0x00000000000002be        0x0 /usr/share/arduino/hardware/tools/avr/bin/../lib/gcc/avr/4.8.1/../../../../avr/lib/avr5/crtm32u4.o
                0x00000000000002be                __init
 *(.init0)
 *(.init1)
 *(.init1)
 *(.init2)
 .init2         0x00000000000002be        0xc /usr/share/arduino/hardware/tools/avr/bin/../lib/gcc/avr/4.8.1/../../../../avr/lib/avr5/crtm32u4.o
 *(.init2)
 *(.init3)
 *(.init3)
 *(.init4)
 .init4         0x00000000000002ca       0x16 /usr/share/arduino/hardware/tools/avr/bin/../lib/gcc/avr/4.8.1/avr5/libgcc.a(_copy_data.o)
                0x00000000000002ca                __do_copy_data
 .init4         0x00000000000002e0       0x10 /usr/share/arduino/hardware/tools/avr/bin/../lib/gcc/avr/4.8.1/avr5/libgcc.a(_clear_bss.o)
                0x00000000000002e0                __do_clear_bss
 *(.init4)
 *(.init5)
 *(.init5)
 *(.init6)
 .init6         0x00000000000002f0       0x16 /usr/share/arduino/hardware/tools/avr/bin/../lib/gcc/avr/4.8.1/avr5/libgcc.a(_ctors.o)
                0x00000000000002f0                __do_global_ctors
 *(.init6)
 *(.init7)
 *(.init7)
 *(.init8)
 *(.init8)
 *(.init9)
 .init9         0x0000000000000306        0x6 /usr/share/arduino/hardware/tools/avr/bin/../lib/gcc/avr/4.8.1/../../../../avr/lib/avr5/crtm32u4.o
 *(.init9)
 *(.text)
 .text          0x000000000000030c        0x2 /usr/share/arduino/hardware/tools/avr/bin/../lib/gcc/avr/4.8.1/../../../../avr/lib/avr5/crtm32u4.o
                0x000000000000030c                __vector_38
                0x000000000000030c                __vector_22
                0x000000000000030c                __vector_28
                0x000000000000030c                __vector_1
                0x000000000000030c                __vector_32
                0x000000000000030c                __vector_34
                0x000000000000030c                __vector_24
                0x000000000000030c                __vector_12
                0x000000000000030c                __bad_interrupt
                0x000000000000030c                __vector_6
                0x000000000000030c                __vector_31
                0x000000000000030c                __vector_35
                0x000000000000030c                __vector_39
                0x000000000000030c                __vector_3
                0x000000000000030c                __vector_30
                0x000000000000030c                __vector_13
                0x000000000000030c                __vector_17
                0x000000000000030c                __vector_19
                0x000000000000030c                __vector_7
                0x000000000000030c                __vector_41
                0x000000000000030c                __vector_27
                0x000000000000030c                __vector_5
                0x000000000000030c                __vector_33
                0x000000000000030c                __vector_37
                0x000000000000030c                __vector_4
                0x000000000000030c                __vector_9
                0x000000000000030c                __vector_2
                0x000000000000030c                __vector_21
                0x000000000000030c                __vector_15
                0x000000000000030c                __vector_29
                0x000000000000030c                __vector_40
                0x000000000000030c                __vector_8
                0x000000000000030c                __vector_14
                0x000000000000030c                __vector_16
                0x000000000000030c                __vector_18
                0x000000000000030c                __vector_20
                0x000000000000030c                __vector_42
                0x000000000000030e                . = ALIGN (0x2)
 *(.text.*)
 .text.setup    0x000000000000030e       0x26 bin/blink.o
                0x000000000000030e                setup
 .text.loop     0x0000000000000334       0x44 bin/blink.o
                0x0000000000000334                loop
 .text.twi_transmit
                0x0000000000000378       0x32 bin/twi.o
                0x0000000000000378                twi_transmit
 .text.twi_stop
                0x00000000000003aa       0x14 bin/twi.o
                0x00000000000003aa                twi_stop
 .text.twi_releaseBus
                0x00000000000003be        0xc bin/twi.o
                0x00000000000003be                twi_releaseBus
 .text.__vector_36
                0x00000000000003ca      0x254 bin/twi.o
                0x00000000000003ca                __vector_36
 .text._ZN7TwoWire9availableEv
                0x000000000000061e       0x10 bin/Wire.o
                0x000000000000061e                _ZN7TwoWire9availableEv
 .text._ZN7TwoWire4readEv
                0x000000000000062e       0x26 bin/Wire.o
                0x000000000000062e                _ZN7TwoWire4readEv
 .text._ZN7TwoWire4peekEv
                0x0000000000000654       0x1e bin/Wire.o
                0x0000000000000654                _ZN7TwoWire4peekEv
 .text._ZN7TwoWire5flushEv
                0x0000000000000672        0x2 bin/Wire.o
                0x0000000000000672                _ZN7TwoWire5flushEv
 .text._ZN7TwoWire5writeEPKhj
                0x0000000000000674       0x58 bin/Wire.o
                0x0000000000000674                _ZN7TwoWire5writeEPKhj
 .text._ZN7TwoWire5writeEh
                0x00000000000006cc       0x5c bin/Wire.o
                0x00000000000006cc                _ZN7TwoWire5writeEh
 .text._ZN7TwoWireC2Ev
                0x0000000000000728       0x20 bin/Wire.o
                0x0000000000000728                _ZN7TwoWireC2Ev
                0x0000000000000728                _ZN7TwoWireC1Ev
 .text.startup._GLOBAL__sub_I__ZN7TwoWire8rxBufferE
                0x0000000000000748        0x6 bin/Wire.o
 .text.__vector_23
                0x000000000000074e       0x94 bin/libcore.a(wiring.o)
                0x000000000000074e                __vector_23
 .text.micros   0x00000000000007e2       0x46 bin/libcore.a(wiring.o)
                0x00000000000007e2                micros
 .text.delay    0x0000000000000828       0x4a bin/libcore.a(wiring.o)
                0x0000000000000828                delay
 .text.init     0x0000000000000872       0xac bin/libcore.a(wiring.o)
                0x0000000000000872                init
 .text.turnOffPWM
                0x000000000000091e       0x7a bin/libcore.a(wiring_digital.o)
 .text.pinMode  0x0000000000000998       0x72 bin/libcore.a(wiring_digital.o)
                0x0000000000000998                pinMode
 .text.digitalWrite
                0x0000000000000a0a       0x6a bin/libcore.a(wiring_digital.o)
                0x0000000000000a0a                digitalWrite
 .text.__empty  0x0000000000000a74        0x2 bin/libcore.a(hooks.o)
                0x0000000000000a74                yield
 .text.__vector_25
                0x0000000000000a76       0x64 bin/libcore.a(HardwareSerial1.o)
                0x0000000000000a76                __vector_25
 .text.__vector_26
                0x0000000000000ada       0x4a bin/libcore.a(HardwareSerial1.o)
                0x0000000000000ada                __vector_26
 .text._Z17Serial1_availablev
                0x0000000000000b24       0x12 bin/libcore.a(HardwareSerial1.o)
                0x0000000000000b24                _Z17Serial1_availablev
 .text.startup._GLOBAL__sub_I___vector_25
                0x0000000000000b36       0x86 bin/libcore.a(HardwareSerial1.o)
 .text._ZN5Print5writeEPKhj
                0x0000000000000bbc       0x50 bin/libcore.a(Print.o)
                0x0000000000000bbc                _ZN5Print5writeEPKhj
 .text._ZN5Print5writeEPKc
                0x0000000000000c0c       0x2c bin/libcore.a(Print.o)
                0x0000000000000c0c                _ZN5Print5writeEPKc
 .text._ZN5Print7printlnEv
                0x0000000000000c38        0x6 bin/libcore.a(Print.o)
                0x0000000000000c38                _ZN5Print7printlnEv
 .text._ZN5Print7printlnEPKc
                0x0000000000000c3e       0x20 bin/libcore.a(Print.o)
                0x0000000000000c3e                _ZN5Print7printlnEPKc
 .text.initVariant
                0x0000000000000c5e        0x2 bin/libcore.a(main.o)
                0x0000000000000c5e                initVariant
 .text.startup.main
                0x0000000000000c60       0x1a bin/libcore.a(main.o)
                0x0000000000000c60                main
 .text._ZN14HardwareSerial9availableEv
                0x0000000000000c7a       0x16 bin/libcore.a(HardwareSerial.o)
                0x0000000000000c7a                _ZN14HardwareSerial9availableEv
 .text._ZN14HardwareSerial4peekEv
                0x0000000000000c90       0x1c bin/libcore.a(HardwareSerial.o)
                0x0000000000000c90                _ZN14HardwareSerial4peekEv
 .text._ZN14HardwareSerial4readEv
                0x0000000000000cac       0x28 bin/libcore.a(HardwareSerial.o)
                0x0000000000000cac                _ZN14HardwareSerial4readEv
 .text._Z14serialEventRunv
                0x0000000000000cd4       0x1a bin/libcore.a(HardwareSerial.o)
                0x0000000000000cd4                _Z14serialEventRunv
 .text._ZN14HardwareSerial17_tx_udr_empty_irqEv
                0x0000000000000cee       0x42 bin/libcore.a(HardwareSerial.o)
                0x0000000000000cee                _ZN14HardwareSerial17_tx_udr_empty_irqEv
 .text._ZN14HardwareSerial5flushEv
                0x0000000000000d30       0x42 bin/libcore.a(HardwareSerial.o)
                0x0000000000000d30                _ZN14HardwareSerial5flushEv
 .text._ZN14HardwareSerial5writeEh
                0x0000000000000d72       0xc8 bin/libcore.a(HardwareSerial.o)
                0x0000000000000d72                _ZN14HardwareSerial5writeEh
 .text._ZN14HardwareSerial5beginEmh
                0x0000000000000e3a       0xb4 bin/libcore.a(HardwareSerial.o)
                0x0000000000000e3a                _ZN14HardwareSerial5beginEmh
 .text._ZN7Serial_5writeEh
                0x0000000000000eee       0x2c bin/libcore.a(CDC.o)
                0x0000000000000eee                _ZN7Serial_5writeEh
 .text._ZN7Serial_4peekEv
                0x0000000000000f1a       0x20 bin/libcore.a(CDC.o)
                0x0000000000000f1a                _ZN7Serial_4peekEv
 .text._ZN7Serial_5flushEv
                0x0000000000000f3a        0x4 bin/libcore.a(CDC.o)
                0x0000000000000f3a                _ZN7Serial_5flushEv
 .text._ZN7Serial_9availableEv
                0x0000000000000f3e       0x1c bin/libcore.a(CDC.o)
                0x0000000000000f3e                _ZN7Serial_9availableEv
 .text._ZN7Serial_4readEv
                0x0000000000000f5a       0x18 bin/libcore.a(CDC.o)
                0x0000000000000f5a                _ZN7Serial_4readEv
 .text._ZN7Serial_5writeEPKhj
                0x0000000000000f72       0x2a bin/libcore.a(CDC.o)
                0x0000000000000f72                _ZN7Serial_5writeEPKhj
 .text._Z16CDC_GetInterfacePh
                0x0000000000000f9c       0x14 bin/libcore.a(CDC.o)
                0x0000000000000f9c                _Z16CDC_GetInterfacePh
 .text._Z9CDC_SetupR5Setup
                0x0000000000000fb0       0xa6 bin/libcore.a(CDC.o)
                0x0000000000000fb0                _Z9CDC_SetupR5Setup
 .text._ZN7Serial_5beginEm
                0x0000000000001056        0xc bin/libcore.a(CDC.o)
                0x0000000000001056                _ZN7Serial_5beginEm
 .text.startup._GLOBAL__sub_I__cdcInterface
                0x0000000000001062       0x3a bin/libcore.a(CDC.o)
 .text._ZL11SendControlh
                0x000000000000109c       0x5c bin/libcore.a(USBCore.o)
 .text._ZL24USB_SendStringDescriptorPKhh
                0x00000000000010f8       0x64 bin/libcore.a(USBCore.o)
 .text._Z4RecvPVhh
                0x000000000000115c       0x1a bin/libcore.a(USBCore.o)
                0x000000000000115c                _Z4RecvPVhh
 .text._ZN6LockEPC2Eh
                0x0000000000001176       0x10 bin/libcore.a(USBCore.o)
                0x0000000000001176                _ZN6LockEPC1Eh
                0x0000000000001176                _ZN6LockEPC2Eh
 .text._Z13USB_Availableh
                0x0000000000001186       0x22 bin/libcore.a(USBCore.o)
                0x0000000000001186                _Z13USB_Availableh
 .text._Z8USB_RecvhPvi
                0x00000000000011a8       0x8a bin/libcore.a(USBCore.o)
                0x00000000000011a8                _Z8USB_RecvhPvi
 .text._Z8USB_Recvh
                0x0000000000001232       0x2c bin/libcore.a(USBCore.o)
                0x0000000000001232                _Z8USB_Recvh
 .text._Z13USB_SendSpaceh
                0x000000000000125e       0x32 bin/libcore.a(USBCore.o)
                0x000000000000125e                _Z13USB_SendSpaceh
 .text._Z8USB_SendhPKvi
                0x0000000000001290      0x11a bin/libcore.a(USBCore.o)
                0x0000000000001290                _Z8USB_SendhPKvi
 .text._Z11InitControli
                0x00000000000013aa       0x16 bin/libcore.a(USBCore.o)
                0x00000000000013aa                _Z11InitControli
 .text._Z15USB_SendControlhPKvi
                0x00000000000013c0       0x60 bin/libcore.a(USBCore.o)
                0x00000000000013c0                _Z15USB_SendControlhPKvi
 .text._Z15USB_RecvControlPvi
                0x0000000000001420       0x32 bin/libcore.a(USBCore.o)
                0x0000000000001420                _Z15USB_RecvControlPvi
 .text._Z14SendInterfacesv
                0x0000000000001452       0x24 bin/libcore.a(USBCore.o)
                0x0000000000001452                _Z14SendInterfacesv
 .text.__vector_11
                0x0000000000001476      0x23a bin/libcore.a(USBCore.o)
                0x0000000000001476                __vector_11
 .text._Z9USB_Flushh
                0x00000000000016b0       0x14 bin/libcore.a(USBCore.o)
                0x00000000000016b0                _Z9USB_Flushh
 .text.__vector_10
                0x00000000000016c4       0xaa bin/libcore.a(USBCore.o)
                0x00000000000016c4                __vector_10
 .text._ZN10USBDevice_6attachEv
                0x000000000000176e       0x3a bin/libcore.a(USBCore.o)
                0x000000000000176e                _ZN10USBDevice_6attachEv
 .text._ZN9Keyboard_5writeEh
                0x00000000000017a8       0x3c bin/libcore.a(HID.o)
                0x00000000000017a8                _ZN9Keyboard_5writeEh
 .text._Z16HID_GetInterfacePh
                0x00000000000017e4       0x14 bin/libcore.a(HID.o)
                0x00000000000017e4                _Z16HID_GetInterfacePh
 .text._Z17HID_GetDescriptori
                0x00000000000017f8        0xc bin/libcore.a(HID.o)
                0x00000000000017f8                _Z17HID_GetDescriptori
 .text._Z14HID_SendReporthPKvi
                0x0000000000001804       0x3e bin/libcore.a(HID.o)
                0x0000000000001804                _Z14HID_SendReporthPKvi
 .text._Z9HID_SetupR5Setup
                0x0000000000001842       0x3a bin/libcore.a(HID.o)
                0x0000000000001842                _Z9HID_SetupR5Setup
 .text._ZN9Keyboard_10sendReportEP9KeyReport
                0x000000000000187c        0x8 bin/libcore.a(HID.o)
                0x000000000000187c                _ZN9Keyboard_10sendReportEP9KeyReport
 .text._ZN9Keyboard_5pressEh
                0x0000000000001884       0xda bin/libcore.a(HID.o)
                0x0000000000001884                _ZN9Keyboard_5pressEh
 .text._ZN9Keyboard_7releaseEh
                0x000000000000195e       0x8e bin/libcore.a(HID.o)
                0x000000000000195e                _ZN9Keyboard_7releaseEh
 .text._ZN9Keyboard_10releaseAllEv
                0x00000000000019ec       0x18 bin/libcore.a(HID.o)
                0x00000000000019ec                _ZN9Keyboard_10releaseAllEv
 .text.startup._GLOBAL__sub_I_Mouse
                0x0000000000001a04       0x1a bin/libcore.a(HID.o)
 .text.libgcc.div
                0x0000000000001a1e       0x44 /usr/share/arduino/hardware/tools/avr/bin/../lib/gcc/avr/4.8.1/avr5/libgcc.a(_udivmodsi4.o)
                0x0000000000001a1e                __udivmodsi4
 .text.libgcc   0x0000000000001a62        0xc /usr/share/arduino/hardware/tools/avr/bin/../lib/gcc/avr/4.8.1/avr5/libgcc.a(_tablejump.o)
                0x0000000000001a62                __tablejump2__
                0x0000000000001a66                __tablejump__
                0x0000000000001a6e                . = ALIGN (0x2)
 *(.fini9)
 .fini9         0x0000000000001a6e        0x0 /usr/share/arduino/hardware/tools/avr/bin/../lib/gcc/avr/4.8.1/avr5/libgcc.a(_exit.o)
                0x0000000000001a6e                exit
                0x0000000000001a6e                _exit
 *(.fini9)
 *(.fini8)
 *(.fini8)
 *(.fini7)
 *(.fini7)
 *(.fini6)
 *(.fini6)
 *(.fini5)
 *(.fini5)
 *(.fini4)
 *(.fini4)
 *(.fini3)
 *(.fini3)
 *(.fini2)
 *(.fini2)
 *(.fini1)
 *(.fini1)
 *(.fini0)
 .fini0         0x0000000000001a6e        0x4 /usr/share/arduino/hardware/tools/avr/bin/../lib/gcc/avr/4.8.1/avr5/libgcc.a(_exit.o)
 *(.fini0)
                0x0000000000001a72                _etext = .

.data           0x0000000000800100       0x76 load address 0x0000000000001a72
                0x0000000000800100                PROVIDE (__data_start, .)
 *(.data)
 .data          0x0000000000800100        0x0 /usr/share/arduino/hardware/tools/avr/bin/../lib/gcc/avr/4.8.1/../../../../avr/lib/avr5/crtm32u4.o
 .data          0x0000000000800100        0x0 bin/blink.o
 .data          0x0000000000800100        0x0 bin/twi.o
 .data          0x0000000000800100        0x0 bin/Wire.o
 .data          0x0000000000800100        0x0 bin/SPI.o
 .data          0x0000000000800100        0x0 bin/libcore.a(wiring.o)
 .data          0x0000000000800100        0x0 bin/libcore.a(wiring_digital.o)
 .data          0x0000000000800100        0x0 bin/libcore.a(hooks.o)
 .data          0x0000000000800100        0x0 bin/libcore.a(HardwareSerial1.o)
 .data          0x0000000000800100        0x0 bin/libcore.a(Print.o)
 .data          0x0000000000800100        0x0 bin/libcore.a(abi.o)
 .data          0x0000000000800100        0x0 bin/libcore.a(main.o)
 .data          0x0000000000800100        0x0 bin/libcore.a(HardwareSerial.o)
 .data          0x0000000000800100        0x0 bin/libcore.a(CDC.o)
 .data          0x0000000000800100        0x0 bin/libcore.a(USBCore.o)
 .data          0x0000000000800100        0x0 bin/libcore.a(HID.o)
 .data          0x0000000000800100        0x0 /usr/share/arduino/hardware/tools/avr/bin/../lib/gcc/avr/4.8.1/../../../../avr/lib/avr5/libm.a(addsf3.o)
 .data          0x0000000000800100        0x0 /usr/share/arduino/hardware/tools/avr/bin/../lib/gcc/avr/4.8.1/../../../../avr/lib/avr5/libm.a(addsf3x.o)
 .data          0x0000000000800100        0x0 /usr/share/arduino/hardware/tools/avr/bin/../lib/gcc/avr/4.8.1/../../../../avr/lib/avr5/libm.a(cmpsf2.o)
 .data          0x0000000000800100        0x0 /usr/share/arduino/hardware/tools/avr/bin/../lib/gcc/avr/4.8.1/../../../../avr/lib/avr5/libm.a(divsf3.o)
 .data          0x0000000000800100        0x0 /usr/share/arduino/hardware/tools/avr/bin/../lib/gcc/avr/4.8.1/../../../../avr/lib/avr5/libm.a(divsf3x.o)
 .data          0x0000000000800100        0x0 /usr/share/arduino/hardware/tools/avr/bin/../lib/gcc/avr/4.8.1/../../../../avr/lib/avr5/libm.a(fixsfsi.o)
 .data          0x0000000000800100        0x0 /usr/share/arduino/hardware/tools/avr/bin/../lib/gcc/avr/4.8.1/../../../../avr/lib/avr5/libm.a(fixunssfsi.o)
 .data          0x0000000000800100        0x0 /usr/share/arduino/hardware/tools/avr/bin/../lib/gcc/avr/4.8.1/../../../../avr/lib/avr5/libm.a(floatsisf.o)
 .data          0x0000000000800100        0x0 /usr/share/arduino/hardware/tools/avr/bin/../lib/gcc/avr/4.8.1/../../../../avr/lib/avr5/libm.a(fp_cmp.o)
 .data          0x0000000000800100        0x0 /usr/share/arduino/hardware/tools/avr/bin/../lib/gcc/avr/4.8.1/../../../../avr/lib/avr5/libm.a(fp_inf.o)
 .data          0x0000000000800100        0x0 /usr/share/arduino/hardware/tools/avr/bin/../lib/gcc/avr/4.8.1/../../../../avr/lib/avr5/libm.a(fp_nan.o)
 .data          0x0000000000800100        0x0 /usr/share/arduino/hardware/tools/avr/bin/../lib/gcc/avr/4.8.1/../../../../avr/lib/avr5/libm.a(fp_pscA.o)
 .data          0x0000000000800100        0x0 /usr/share/arduino/hardware/tools/avr/bin/../lib/gcc/avr/4.8.1/../../../../avr/lib/avr5/libm.a(fp_pscB.o)
 .data          0x0000000000800100        0x0 /usr/share/arduino/hardware/tools/avr/bin/../lib/gcc/avr/4.8.1/../../../../avr/lib/avr5/libm.a(fp_round.o)
 .data          0x0000000000800100        0x0 /usr/share/arduino/hardware/tools/avr/bin/../lib/gcc/avr/4.8.1/../../../../avr/lib/avr5/libm.a(fp_split3.o)
 .data          0x0000000000800100        0x0 /usr/share/arduino/hardware/tools/avr/bin/../lib/gcc/avr/4.8.1/../../../../avr/lib/avr5/libm.a(fp_zero.o)
 .data          0x0000000000800100        0x0 /usr/share/arduino/hardware/tools/avr/bin/../lib/gcc/avr/4.8.1/../../../../avr/lib/avr5/libm.a(gesf2.o)
 .data          0x0000000000800100        0x0 /usr/share/arduino/hardware/tools/avr/bin/../lib/gcc/avr/4.8.1/../../../../avr/lib/avr5/libm.a(mulsf3.o)
 .data          0x0000000000800100        0x0 /usr/share/arduino/hardware/tools/avr/bin/../lib/gcc/avr/4.8.1/../../../../avr/lib/avr5/libm.a(mulsf3x.o)
 .data          0x0000000000800100        0x0 /usr/share/arduino/hardware/tools/avr/bin/../lib/gcc/avr/4.8.1/../../../../avr/lib/avr5/libm.a(unordsf2.o)
 .data          0x0000000000800100        0x0 /usr/share/arduino/hardware/tools/avr/bin/../lib/gcc/avr/4.8.1/avr5/libgcc.a(_udivmodsi4.o)
 .data          0x0000000000800100        0x0 /usr/share/arduino/hardware/tools/avr/bin/../lib/gcc/avr/4.8.1/avr5/libgcc.a(_exit.o)
 .data          0x0000000000800100        0x0 /usr/share/arduino/hardware/tools/avr/bin/../lib/gcc/avr/4.8.1/avr5/libgcc.a(_tablejump.o)
 .data          0x0000000000800100        0x0 /usr/share/arduino/hardware/tools/avr/bin/../lib/gcc/avr/4.8.1/avr5/libgcc.a(_copy_data.o)
 .data          0x0000000000800100        0x0 /usr/share/arduino/hardware/tools/avr/bin/../lib/gcc/avr/4.8.1/avr5/libgcc.a(_clear_bss.o)
 .data          0x0000000000800100        0x0 /usr/share/arduino/hardware/tools/avr/bin/../lib/gcc/avr/4.8.1/avr5/libgcc.a(_ctors.o)
 .data          0x0000000000800100        0x0 /usr/share/arduino/hardware/tools/avr/bin/../lib/gcc/avr/4.8.1/../../../../avr/lib/avr5/libc.a(abort.o)
 *(.data*)
 .data.RXLED    0x0000000000800100        0x2 bin/blink.o
                0x0000000000800100                RXLED
 .data._ZL12_usbLineInfo
                0x0000000000800102        0x8 bin/libcore.a(CDC.o)
 .data._hid_idle
                0x000000000080010a        0x1 bin/libcore.a(HID.o)
                0x000000000080010a                _hid_idle
 .data._hid_protocol
                0x000000000080010b        0x1 bin/libcore.a(HID.o)
                0x000000000080010b                _hid_protocol
 *(.rodata)
 *(.rodata*)
 .rodata.str1.1
                0x000000000080010c       0x1b bin/blink.o
 .rodata._ZTV7TwoWire
                0x0000000000800127       0x10 bin/Wire.o
                0x0000000000800127                _ZTV7TwoWire
 .rodata.str1.1
                0x0000000000800137       0x11 bin/libcore.a(Print.o)
 .rodata._ZTV14HardwareSerial
                0x0000000000800148       0x10 bin/libcore.a(HardwareSerial.o)
                0x0000000000800148                _ZTV14HardwareSerial
 .rodata._ZTV7Serial_
                0x0000000000800158       0x10 bin/libcore.a(CDC.o)
                0x0000000000800158                _ZTV7Serial_
 .rodata._ZTV9Keyboard_
                0x0000000000800168        0xe bin/libcore.a(HID.o)
                0x0000000000800168                _ZTV9Keyboard_
 *(.gnu.linkonce.d*)
                0x0000000000800176                . = ALIGN (0x2)
                0x0000000000800176                _edata = .
                0x0000000000800176                PROVIDE (__data_end, .)

.bss            0x0000000000800176      0x1cb
                0x0000000000800176                PROVIDE (__bss_start, .)
 *(.bss)
 *(.bss*)
 .bss.twi_error
                0x0000000000800176        0x1 bin/twi.o
 .bss.twi_rxBufferIndex
                0x0000000000800177        0x1 bin/twi.o
 .bss.twi_rxBuffer
                0x0000000000800178       0x20 bin/twi.o
 .bss.twi_txBufferLength
                0x0000000000800198        0x1 bin/twi.o
 .bss.twi_txBufferIndex
                0x0000000000800199        0x1 bin/twi.o
 .bss.twi_txBuffer
                0x000000000080019a       0x20 bin/twi.o
 .bss.twi_masterBufferLength
                0x00000000008001ba        0x1 bin/twi.o
 .bss.twi_masterBufferIndex
                0x00000000008001bb        0x1 bin/twi.o
 .bss.twi_masterBuffer
                0x00000000008001bc       0x20 bin/twi.o
 .bss.twi_onSlaveReceive
                0x00000000008001dc        0x2 bin/twi.o
 .bss.twi_onSlaveTransmit
                0x00000000008001de        0x2 bin/twi.o
 .bss.twi_inRepStart
                0x00000000008001e0        0x1 bin/twi.o
 .bss.twi_sendStop
                0x00000000008001e1        0x1 bin/twi.o
 .bss.twi_slarw
                0x00000000008001e2        0x1 bin/twi.o
 .bss.twi_state
                0x00000000008001e3        0x1 bin/twi.o
 .bss.Wire      0x00000000008001e4        0xc bin/Wire.o
                0x00000000008001e4                Wire
 .bss._ZN7TwoWire12transmittingE
                0x00000000008001f0        0x1 bin/Wire.o
                0x00000000008001f0                _ZN7TwoWire12transmittingE
 .bss._ZN7TwoWire14txBufferLengthE
                0x00000000008001f1        0x1 bin/Wire.o
                0x00000000008001f1                _ZN7TwoWire14txBufferLengthE
 .bss._ZN7TwoWire13txBufferIndexE
                0x00000000008001f2        0x1 bin/Wire.o
                0x00000000008001f2                _ZN7TwoWire13txBufferIndexE
 .bss._ZN7TwoWire8txBufferE
                0x00000000008001f3       0x20 bin/Wire.o
                0x00000000008001f3                _ZN7TwoWire8txBufferE
 .bss._ZN7TwoWire14rxBufferLengthE
                0x0000000000800213        0x1 bin/Wire.o
                0x0000000000800213                _ZN7TwoWire14rxBufferLengthE
 .bss._ZN7TwoWire13rxBufferIndexE
                0x0000000000800214        0x1 bin/Wire.o
                0x0000000000800214                _ZN7TwoWire13rxBufferIndexE
 .bss._ZN7TwoWire8rxBufferE
                0x0000000000800215       0x20 bin/Wire.o
                0x0000000000800215                _ZN7TwoWire8rxBufferE
 .bss.timer0_fract
                0x0000000000800235        0x1 bin/libcore.a(wiring.o)
 .bss.timer0_millis
                0x0000000000800236        0x4 bin/libcore.a(wiring.o)
                0x0000000000800236                timer0_millis
 .bss.timer0_overflow_count
                0x000000000080023a        0x4 bin/libcore.a(wiring.o)
                0x000000000080023a                timer0_overflow_count
 .bss.Serial1   0x000000000080023e       0x9d bin/libcore.a(HardwareSerial1.o)
                0x000000000080023e                Serial1
 .bss.Serial    0x00000000008002db       0x50 bin/libcore.a(CDC.o)
                0x00000000008002db                Serial
 .bss.USBDevice
                0x000000000080032b        0x1 bin/libcore.a(USBCore.o)
                0x000000000080032b                USBDevice
 .bss._cdcComposite
                0x000000000080032c        0x1 bin/libcore.a(USBCore.o)
                0x000000000080032c                _cdcComposite
 .bss._cend     0x000000000080032d        0x2 bin/libcore.a(USBCore.o)
                0x000000000080032d                _cend
 .bss._cmark    0x000000000080032f        0x2 bin/libcore.a(USBCore.o)
                0x000000000080032f                _cmark
 .bss._usbConfiguration
                0x0000000000800331        0x1 bin/libcore.a(USBCore.o)
                0x0000000000800331                _usbConfiguration
 .bss.RxLEDPulse
                0x0000000000800332        0x1 bin/libcore.a(USBCore.o)
                0x0000000000800332                RxLEDPulse
 .bss.TxLEDPulse
                0x0000000000800333        0x1 bin/libcore.a(USBCore.o)
                0x0000000000800333                TxLEDPulse
 .bss.Keyboard  0x0000000000800334        0xc bin/libcore.a(HID.o)
                0x0000000000800334                Keyboard
 .bss.Mouse     0x0000000000800340        0x1 bin/libcore.a(HID.o)
                0x0000000000800340                Mouse
 *(COMMON)
                0x0000000000800341                PROVIDE (__bss_end, .)
                0x0000000000001a72                __data_load_start = LOADADDR (.data)
                0x0000000000001ae8                __data_load_end = (__data_load_start + SIZEOF (.data))

.noinit         0x0000000000800341        0x0
                0x0000000000800341                PROVIDE (__noinit_start, .)
 *(.noinit*)
                0x0000000000800341                PROVIDE (__noinit_end, .)
                0x0000000000800341                _end = .
                0x0000000000800341                PROVIDE (__heap_start, .)

.eeprom         0x0000000000810000        0x0
 *(.eeprom*)
                0x0000000000810000                __eeprom_end = .

.fuse
 *(.fuse)
 *(.lfuse)
 *(.hfuse)
 *(.efuse)

.lock
 *(.lock*)

.signature
 *(.signature*)

.stab           0x0000000000000000     0x9b4c
 *(.stab)
 .stab          0x0000000000000000      0xa44 bin/blink.o
 .stab          0x0000000000000a44      0x984 bin/twi.o
                                        0xdbc (size before relaxing)
 .stab          0x00000000000013c8      0x93c bin/Wire.o
                                        0xe70 (size before relaxing)
 .stab          0x0000000000001d04      0x8c4 bin/SPI.o
                                        0xd5c (size before relaxing)
 .stab          0x00000000000025c8      0x7b0 bin/libcore.a(wiring.o)
                                        0xaa4 (size before relaxing)
 .stab          0x0000000000002d78      0x6c0 bin/libcore.a(wiring_digital.o)
                                        0xb88 (size before relaxing)
 .stab          0x0000000000003438      0x270 bin/libcore.a(hooks.o)
                                        0x27c (size before relaxing)
 .stab          0x00000000000036a8      0xae0 bin/libcore.a(HardwareSerial1.o)
                                        0xaec (size before relaxing)
 .stab          0x0000000000004188      0x9e4 bin/libcore.a(Print.o)
                                       0x15c0 (size before relaxing)
 .stab          0x0000000000004b6c      0x360 bin/libcore.a(abi.o)
                                        0x3c0 (size before relaxing)
 .stab          0x0000000000004ecc      0x9d8 bin/libcore.a(main.o)
                                        0xa08 (size before relaxing)
 .stab          0x00000000000058a4      0xce4 bin/libcore.a(HardwareSerial.o)
                                        0xedc (size before relaxing)
 .stab          0x0000000000006588      0xde0 bin/libcore.a(CDC.o)
                                        0xea0 (size before relaxing)
 .stab          0x0000000000007368     0x1854 bin/libcore.a(USBCore.o)
                                       0x1b24 (size before relaxing)
 .stab          0x0000000000008bbc      0xf90 bin/libcore.a(HID.o)
                                       0x12fc (size before relaxing)

.stabstr        0x0000000000000000     0x7121
 *(.stabstr)
 .stabstr       0x0000000000000000     0x7121 bin/blink.o

.stab.excl
 *(.stab.excl)

.stab.exclstr
 *(.stab.exclstr)

.stab.index
 *(.stab.index)

.stab.indexstr
 *(.stab.indexstr)

.comment        0x0000000000000000       0x11
 *(.comment)
 .comment       0x0000000000000000       0x11 bin/blink.o
                                         0x12 (size before relaxing)
 .comment       0x0000000000000011       0x12 bin/twi.o
 .comment       0x0000000000000011       0x12 bin/Wire.o
 .comment       0x0000000000000011       0x12 bin/SPI.o
 .comment       0x0000000000000011       0x12 bin/libcore.a(wiring.o)
 .comment       0x0000000000000011       0x12 bin/libcore.a(wiring_digital.o)
 .comment       0x0000000000000011       0x12 bin/libcore.a(hooks.o)
 .comment       0x0000000000000011       0x12 bin/libcore.a(HardwareSerial1.o)
 .comment       0x0000000000000011       0x12 bin/libcore.a(Print.o)
 .comment       0x0000000000000011       0x12 bin/libcore.a(abi.o)
 .comment       0x0000000000000011       0x12 bin/libcore.a(main.o)
 .comment       0x0000000000000011       0x12 bin/libcore.a(HardwareSerial.o)
 .comment       0x0000000000000011       0x12 bin/libcore.a(CDC.o)
 .comment       0x0000000000000011       0x12 bin/libcore.a(USBCore.o)
 .comment       0x0000000000000011       0x12 bin/libcore.a(HID.o)

.note.gnu.build-id
 *(.note.gnu.build-id)

.debug
 *(.debug)

.line
 *(.line)

.debug_srcinfo
 *(.debug_srcinfo)

.debug_sfnames
 *(.debug_sfnames)

.debug_aranges
 *(.debug_aranges)

.debug_pubnames
 *(.debug_pubnames)

.debug_info
 *(.debug_info .gnu.linkonce.wi.*)

.debug_abbrev
 *(.debug_abbrev)

.debug_line
 *(.debug_line .debug_line.* .debug_line_end)

.debug_frame
 *(.debug_frame)

.debug_str
 *(.debug_str)

.debug_loc
 *(.debug_loc)

.debug_macinfo
 *(.debug_macinfo)

.debug_weaknames
 *(.debug_weaknames)

.debug_funcnames
 *(.debug_funcnames)

.debug_typenames
 *(.debug_typenames)

.debug_varnames
 *(.debug_varnames)

.debug_pubtypes
 *(.debug_pubtypes)

.debug_ranges
 *(.debug_ranges)

.debug_macro
 *(.debug_macro)
OUTPUT(bin/blink.elf elf32-avr)
LOAD linker stubs

Cross Reference Table

Symbol                                            File
Keyboard                                          bin/libcore.a(HID.o)
Mouse                                             bin/libcore.a(HID.o)
RXLED                                             bin/blink.o
RxLEDPulse                                        bin/libcore.a(USBCore.o)
SPI                                               bin/SPI.o
STRING_LANGUAGE                                   bin/libcore.a(USBCore.o)
STRING_MANUFACTURER                               bin/libcore.a(USBCore.o)
STRING_PRODUCT                                    bin/libcore.a(USBCore.o)
Serial                                            bin/libcore.a(CDC.o)
                                                  bin/blink.o
Serial1                                           bin/libcore.a(HardwareSerial1.o)
                                                  bin/blink.o
TxLEDPulse                                        bin/libcore.a(USBCore.o)
USBDevice                                         bin/libcore.a(USBCore.o)
                                                  bin/libcore.a(main.o)
USB_DeviceDescriptor                              bin/libcore.a(USBCore.o)
USB_DeviceDescriptorA                             bin/libcore.a(USBCore.o)
Wire                                              bin/Wire.o
_Z11InitControli                                  bin/libcore.a(USBCore.o)
_Z12USBConnectedv                                 bin/libcore.a(USBCore.o)
_Z12serialEvent1v                                 bin/libcore.a(HardwareSerial.o)
_Z13USB_Availableh                                bin/libcore.a(USBCore.o)
                                                  bin/libcore.a(CDC.o)
_Z13USB_SendSpaceh                                bin/libcore.a(USBCore.o)
_Z14HID_SendReporthPKvi                           bin/libcore.a(HID.o)
_Z14SendInterfacesv                               bin/libcore.a(USBCore.o)
_Z14serialEventRunv                               bin/libcore.a(HardwareSerial.o)
                                                  bin/libcore.a(main.o)
_Z15USB_RecvControlPvi                            bin/libcore.a(USBCore.o)
                                                  bin/libcore.a(CDC.o)
_Z15USB_SendControlhPKvi                          bin/libcore.a(USBCore.o)
                                                  bin/libcore.a(HID.o)
                                                  bin/libcore.a(CDC.o)
_Z16CDC_GetInterfacePh                            bin/libcore.a(CDC.o)
                                                  bin/libcore.a(USBCore.o)
_Z16HID_GetInterfacePh                            bin/libcore.a(HID.o)
                                                  bin/libcore.a(USBCore.o)
_Z17HID_GetDescriptori                            bin/libcore.a(HID.o)
                                                  bin/libcore.a(USBCore.o)
_Z17Serial1_availablev                            bin/libcore.a(HardwareSerial1.o)
                                                  bin/libcore.a(HardwareSerial.o)
_Z19USBGetConfigurationv                          bin/libcore.a(USBCore.o)
_Z4RecvPVhh                                       bin/libcore.a(USBCore.o)
_Z8USB_Recvh                                      bin/libcore.a(USBCore.o)
                                                  bin/libcore.a(CDC.o)
_Z8USB_RecvhPvi                                   bin/libcore.a(USBCore.o)
_Z8USB_SendhPKvi                                  bin/libcore.a(USBCore.o)
                                                  bin/libcore.a(HID.o)
                                                  bin/libcore.a(CDC.o)
_Z9CDC_SetupR5Setup                               bin/libcore.a(CDC.o)
                                                  bin/libcore.a(USBCore.o)
_Z9HID_SetupR5Setup                               bin/libcore.a(HID.o)
                                                  bin/libcore.a(USBCore.o)
_Z9USB_Flushh                                     bin/libcore.a(USBCore.o)
                                                  bin/libcore.a(CDC.o)
_ZN10USBDevice_10configuredEv                     bin/libcore.a(USBCore.o)
_ZN10USBDevice_4pollEv                            bin/libcore.a(USBCore.o)
_ZN10USBDevice_6attachEv                          bin/libcore.a(USBCore.o)
                                                  bin/libcore.a(main.o)
_ZN10USBDevice_6detachEv                          bin/libcore.a(USBCore.o)
_ZN10USBDevice_C1Ev                               bin/libcore.a(USBCore.o)
_ZN10USBDevice_C2Ev                               bin/libcore.a(USBCore.o)
_ZN14HardwareSerial17_tx_udr_empty_irqEv          bin/libcore.a(HardwareSerial.o)
                                                  bin/libcore.a(HardwareSerial1.o)
_ZN14HardwareSerial17availableForWriteEv          bin/libcore.a(HardwareSerial.o)
_ZN14HardwareSerial3endEv                         bin/libcore.a(HardwareSerial.o)
_ZN14HardwareSerial4peekEv                        bin/libcore.a(HardwareSerial.o)
_ZN14HardwareSerial4readEv                        bin/libcore.a(HardwareSerial.o)
_ZN14HardwareSerial5beginEmh                      bin/libcore.a(HardwareSerial.o)
                                                  bin/blink.o
_ZN14HardwareSerial5flushEv                       bin/libcore.a(HardwareSerial.o)
_ZN14HardwareSerial5writeEh                       bin/libcore.a(HardwareSerial.o)
_ZN14HardwareSerial9availableEv                   bin/libcore.a(HardwareSerial.o)
                                                  bin/libcore.a(HardwareSerial1.o)
_ZN5Print10printFloatEdh                          bin/libcore.a(Print.o)
_ZN5Print11printNumberEmh                         bin/libcore.a(Print.o)
_ZN5Print5printEPK19__FlashStringHelper           bin/libcore.a(Print.o)
_ZN5Print5printEPKc                               bin/libcore.a(Print.o)
_ZN5Print5printERK6String                         bin/libcore.a(Print.o)
_ZN5Print5printERK9Printable                      bin/libcore.a(Print.o)
_ZN5Print5printEc                                 bin/libcore.a(Print.o)
_ZN5Print5printEdi                                bin/libcore.a(Print.o)
_ZN5Print5printEhi                                bin/libcore.a(Print.o)
_ZN5Print5printEii                                bin/libcore.a(Print.o)
_ZN5Print5printEji                                bin/libcore.a(Print.o)
_ZN5Print5printEli                                bin/libcore.a(Print.o)
_ZN5Print5printEmi                                bin/libcore.a(Print.o)
_ZN5Print5writeEPKc                               bin/libcore.a(Print.o)
_ZN5Print5writeEPKhj                              bin/libcore.a(Print.o)
                                                  bin/libcore.a(HID.o)
                                                  bin/libcore.a(HardwareSerial.o)
                                                  bin/Wire.o
_ZN5Print7printlnEPK19__FlashStringHelper         bin/libcore.a(Print.o)
_ZN5Print7printlnEPKc                             bin/libcore.a(Print.o)
                                                  bin/blink.o
_ZN5Print7printlnERK6String                       bin/libcore.a(Print.o)
_ZN5Print7printlnERK9Printable                    bin/libcore.a(Print.o)
_ZN5Print7printlnEc                               bin/libcore.a(Print.o)
_ZN5Print7printlnEdi                              bin/libcore.a(Print.o)
_ZN5Print7printlnEhi                              bin/libcore.a(Print.o)
_ZN5Print7printlnEii                              bin/libcore.a(Print.o)
_ZN5Print7printlnEji                              bin/libcore.a(Print.o)
_ZN5Print7printlnEli                              bin/libcore.a(Print.o)
_ZN5Print7printlnEmi                              bin/libcore.a(Print.o)
_ZN5Print7printlnEv                               bin/libcore.a(Print.o)
_ZN6LockEPC1Eh                                    bin/libcore.a(USBCore.o)
_ZN6LockEPC2Eh                                    bin/libcore.a(USBCore.o)
_ZN6Mouse_3endEv                                  bin/libcore.a(HID.o)
_ZN6Mouse_4moveEaaa                               bin/libcore.a(HID.o)
_ZN6Mouse_5beginEv                                bin/libcore.a(HID.o)
_ZN6Mouse_5clickEh                                bin/libcore.a(HID.o)
_ZN6Mouse_5pressEh                                bin/libcore.a(HID.o)
_ZN6Mouse_7buttonsEh                              bin/libcore.a(HID.o)
_ZN6Mouse_7releaseEh                              bin/libcore.a(HID.o)
_ZN6Mouse_9isPressedEh                            bin/libcore.a(HID.o)
_ZN6Mouse_C1Ev                                    bin/libcore.a(HID.o)
_ZN6Mouse_C2Ev                                    bin/libcore.a(HID.o)
_ZN7Serial_3endEv                                 bin/libcore.a(CDC.o)
_ZN7Serial_4peekEv                                bin/libcore.a(CDC.o)
_ZN7Serial_4readEv                                bin/libcore.a(CDC.o)
_ZN7Serial_5beginEm                               bin/libcore.a(CDC.o)
                                                  bin/blink.o
_ZN7Serial_5beginEmh                              bin/libcore.a(CDC.o)
_ZN7Serial_5flushEv                               bin/libcore.a(CDC.o)
_ZN7Serial_5writeEPKhj                            bin/libcore.a(CDC.o)
_ZN7Serial_5writeEh                               bin/libcore.a(CDC.o)
_ZN7Serial_9availableEv                           bin/libcore.a(CDC.o)
_ZN7Serial_cvbEv                                  bin/libcore.a(CDC.o)
_ZN7TwoWire11requestFromEhh                       bin/Wire.o
_ZN7TwoWire11requestFromEhhh                      bin/Wire.o
_ZN7TwoWire11requestFromEii                       bin/Wire.o
_ZN7TwoWire11requestFromEiii                      bin/Wire.o
_ZN7TwoWire12transmittingE                        bin/Wire.o
_ZN7TwoWire13rxBufferIndexE                       bin/Wire.o
_ZN7TwoWire13txBufferIndexE                       bin/Wire.o
_ZN7TwoWire14rxBufferLengthE                      bin/Wire.o
_ZN7TwoWire14txBufferLengthE                      bin/Wire.o
_ZN7TwoWire14user_onReceiveE                      bin/Wire.o
_ZN7TwoWire14user_onRequestE                      bin/Wire.o
_ZN7TwoWire15endTransmissionEh                    bin/Wire.o
_ZN7TwoWire15endTransmissionEv                    bin/Wire.o
_ZN7TwoWire16onReceiveServiceEPhi                 bin/Wire.o
_ZN7TwoWire16onRequestServiceEv                   bin/Wire.o
_ZN7TwoWire17beginTransmissionEh                  bin/Wire.o
_ZN7TwoWire17beginTransmissionEi                  bin/Wire.o
_ZN7TwoWire4peekEv                                bin/Wire.o
_ZN7TwoWire4readEv                                bin/Wire.o
_ZN7TwoWire5beginEh                               bin/Wire.o
_ZN7TwoWire5beginEi                               bin/Wire.o
_ZN7TwoWire5beginEv                               bin/Wire.o
_ZN7TwoWire5flushEv                               bin/Wire.o
_ZN7TwoWire5writeEPKhj                            bin/Wire.o
_ZN7TwoWire5writeEh                               bin/Wire.o
_ZN7TwoWire8rxBufferE                             bin/Wire.o
_ZN7TwoWire8setClockEm                            bin/Wire.o
_ZN7TwoWire8txBufferE                             bin/Wire.o
_ZN7TwoWire9availableEv                           bin/Wire.o
_ZN7TwoWire9onReceiveEPFviE                       bin/Wire.o
_ZN7TwoWire9onRequestEPFvvE                       bin/Wire.o
_ZN7TwoWire9txAddressE                            bin/Wire.o
_ZN7TwoWireC1Ev                                   bin/Wire.o
_ZN7TwoWireC2Ev                                   bin/Wire.o
_ZN8SPIClass11initializedE                        bin/SPI.o
_ZN8SPIClass13interruptMaskE                      bin/SPI.o
_ZN8SPIClass13interruptModeE                      bin/SPI.o
_ZN8SPIClass13interruptSaveE                      bin/SPI.o
_ZN8SPIClass14usingInterruptEh                    bin/SPI.o
_ZN8SPIClass17notUsingInterruptEh                 bin/SPI.o
_ZN8SPIClass3endEv                                bin/SPI.o
_ZN8SPIClass5beginEv                              bin/SPI.o
_ZN9Keyboard_10releaseAllEv                       bin/libcore.a(HID.o)
_ZN9Keyboard_10sendReportEP9KeyReport             bin/libcore.a(HID.o)
_ZN9Keyboard_3endEv                               bin/libcore.a(HID.o)
_ZN9Keyboard_5beginEv                             bin/libcore.a(HID.o)
_ZN9Keyboard_5pressEh                             bin/libcore.a(HID.o)
_ZN9Keyboard_5writeEh                             bin/libcore.a(HID.o)
_ZN9Keyboard_7releaseEh                           bin/libcore.a(HID.o)
_ZN9Keyboard_C1Ev                                 bin/libcore.a(HID.o)
_ZN9Keyboard_C2Ev                                 bin/libcore.a(HID.o)
_ZTV14HardwareSerial                              bin/libcore.a(HardwareSerial.o)
                                                  bin/libcore.a(HardwareSerial1.o)
_ZTV5Print                                        bin/libcore.a(Print.o)
_ZTV6Stream                                       bin/Wire.o
_ZTV7Serial_                                      bin/libcore.a(CDC.o)
_ZTV7TwoWire                                      bin/Wire.o
_ZTV9Keyboard_                                    bin/libcore.a(HID.o)
__addsf3                                          /usr/share/arduino/hardware/tools/avr/bin/../lib/gcc/avr/4.8.1/../../../../avr/lib/avr5/libm.a(addsf3.o)
                                                  bin/libcore.a(Print.o)
__addsf3x                                         /usr/share/arduino/hardware/tools/avr/bin/../lib/gcc/avr/4.8.1/../../../../avr/lib/avr5/libm.a(addsf3x.o)
                                                  /usr/share/arduino/hardware/tools/avr/bin/../lib/gcc/avr/4.8.1/../../../../avr/lib/avr5/libm.a(addsf3.o)
__bad_interrupt                                   /usr/share/arduino/hardware/tools/avr/bin/../lib/gcc/avr/4.8.1/../../../../avr/lib/avr5/crtm32u4.o
__bss_end                                         /usr/share/arduino/hardware/tools/avr/bin/../lib/gcc/avr/4.8.1/avr5/libgcc.a(_clear_bss.o)
__bss_start                                       /usr/share/arduino/hardware/tools/avr/bin/../lib/gcc/avr/4.8.1/avr5/libgcc.a(_clear_bss.o)
__cmpsf2                                          /usr/share/arduino/hardware/tools/avr/bin/../lib/gcc/avr/4.8.1/../../../../avr/lib/avr5/libm.a(cmpsf2.o)
__ctors_end                                       /usr/share/arduino/hardware/tools/avr/bin/../lib/gcc/avr/4.8.1/avr5/libgcc.a(_ctors.o)
__ctors_start                                     /usr/share/arduino/hardware/tools/avr/bin/../lib/gcc/avr/4.8.1/avr5/libgcc.a(_ctors.o)
__cxa_deleted_virtual                             bin/libcore.a(abi.o)
__cxa_pure_virtual                                bin/libcore.a(abi.o)
                                                  bin/libcore.a(Print.o)
                                                  bin/Wire.o
__data_end                                        /usr/share/arduino/hardware/tools/avr/bin/../lib/gcc/avr/4.8.1/avr5/libgcc.a(_copy_data.o)
__data_load_start                                 /usr/share/arduino/hardware/tools/avr/bin/../lib/gcc/avr/4.8.1/avr5/libgcc.a(_copy_data.o)
__data_start                                      /usr/share/arduino/hardware/tools/avr/bin/../lib/gcc/avr/4.8.1/avr5/libgcc.a(_copy_data.o)
__divsf3                                          /usr/share/arduino/hardware/tools/avr/bin/../lib/gcc/avr/4.8.1/../../../../avr/lib/avr5/libm.a(divsf3.o)
                                                  bin/libcore.a(Print.o)
__divsf3_pse                                      /usr/share/arduino/hardware/tools/avr/bin/../lib/gcc/avr/4.8.1/../../../../avr/lib/avr5/libm.a(divsf3x.o)
__divsf3x                                         /usr/share/arduino/hardware/tools/avr/bin/../lib/gcc/avr/4.8.1/../../../../avr/lib/avr5/libm.a(divsf3x.o)
                                                  /usr/share/arduino/hardware/tools/avr/bin/../lib/gcc/avr/4.8.1/../../../../avr/lib/avr5/libm.a(divsf3.o)
__do_clear_bss                                    /usr/share/arduino/hardware/tools/avr/bin/../lib/gcc/avr/4.8.1/avr5/libgcc.a(_clear_bss.o)
                                                  bin/libcore.a(HID.o)
                                                  bin/libcore.a(USBCore.o)
                                                  bin/libcore.a(CDC.o)
                                                  bin/libcore.a(HardwareSerial1.o)
                                                  bin/libcore.a(wiring.o)
                                                  bin/SPI.o
                                                  bin/Wire.o
                                                  bin/twi.o
__do_copy_data                                    /usr/share/arduino/hardware/tools/avr/bin/../lib/gcc/avr/4.8.1/avr5/libgcc.a(_copy_data.o)
                                                  bin/libcore.a(HID.o)
                                                  bin/libcore.a(CDC.o)
                                                  bin/libcore.a(HardwareSerial.o)
                                                  bin/libcore.a(Print.o)
                                                  bin/SPI.o
                                                  bin/Wire.o
                                                  bin/blink.o
__do_global_ctors                                 /usr/share/arduino/hardware/tools/avr/bin/../lib/gcc/avr/4.8.1/avr5/libgcc.a(_ctors.o)
                                                  bin/libcore.a(HID.o)
                                                  bin/libcore.a(CDC.o)
                                                  bin/libcore.a(HardwareSerial1.o)
                                                  bin/Wire.o
__eqsf2                                           /usr/share/arduino/hardware/tools/avr/bin/../lib/gcc/avr/4.8.1/../../../../avr/lib/avr5/libm.a(cmpsf2.o)
__fixsfsi                                         /usr/share/arduino/hardware/tools/avr/bin/../lib/gcc/avr/4.8.1/../../../../avr/lib/avr5/libm.a(fixsfsi.o)
                                                  bin/libcore.a(Print.o)
__fixunssfsi                                      /usr/share/arduino/hardware/tools/avr/bin/../lib/gcc/avr/4.8.1/../../../../avr/lib/avr5/libm.a(fixunssfsi.o)
                                                  /usr/share/arduino/hardware/tools/avr/bin/../lib/gcc/avr/4.8.1/../../../../avr/lib/avr5/libm.a(fixsfsi.o)
                                                  bin/libcore.a(Print.o)
__floatsisf                                       /usr/share/arduino/hardware/tools/avr/bin/../lib/gcc/avr/4.8.1/../../../../avr/lib/avr5/libm.a(floatsisf.o)
                                                  bin/libcore.a(Print.o)
__floatunsisf                                     /usr/share/arduino/hardware/tools/avr/bin/../lib/gcc/avr/4.8.1/../../../../avr/lib/avr5/libm.a(floatsisf.o)
                                                  bin/libcore.a(Print.o)
__fp_cmp                                          /usr/share/arduino/hardware/tools/avr/bin/../lib/gcc/avr/4.8.1/../../../../avr/lib/avr5/libm.a(fp_cmp.o)
                                                  /usr/share/arduino/hardware/tools/avr/bin/../lib/gcc/avr/4.8.1/../../../../avr/lib/avr5/libm.a(unordsf2.o)
                                                  /usr/share/arduino/hardware/tools/avr/bin/../lib/gcc/avr/4.8.1/../../../../avr/lib/avr5/libm.a(gesf2.o)
                                                  /usr/share/arduino/hardware/tools/avr/bin/../lib/gcc/avr/4.8.1/../../../../avr/lib/avr5/libm.a(cmpsf2.o)
__fp_inf                                          /usr/share/arduino/hardware/tools/avr/bin/../lib/gcc/avr/4.8.1/../../../../avr/lib/avr5/libm.a(fp_inf.o)
                                                  /usr/share/arduino/hardware/tools/avr/bin/../lib/gcc/avr/4.8.1/../../../../avr/lib/avr5/libm.a(mulsf3x.o)
                                                  /usr/share/arduino/hardware/tools/avr/bin/../lib/gcc/avr/4.8.1/../../../../avr/lib/avr5/libm.a(divsf3x.o)
                                                  /usr/share/arduino/hardware/tools/avr/bin/../lib/gcc/avr/4.8.1/../../../../avr/lib/avr5/libm.a(addsf3x.o)
__fp_nan                                          /usr/share/arduino/hardware/tools/avr/bin/../lib/gcc/avr/4.8.1/../../../../avr/lib/avr5/libm.a(fp_nan.o)
                                                  /usr/share/arduino/hardware/tools/avr/bin/../lib/gcc/avr/4.8.1/../../../../avr/lib/avr5/libm.a(mulsf3x.o)
                                                  /usr/share/arduino/hardware/tools/avr/bin/../lib/gcc/avr/4.8.1/../../../../avr/lib/avr5/libm.a(divsf3x.o)
                                                  /usr/share/arduino/hardware/tools/avr/bin/../lib/gcc/avr/4.8.1/../../../../avr/lib/avr5/libm.a(addsf3x.o)
__fp_pscA                                         /usr/share/arduino/hardware/tools/avr/bin/../lib/gcc/avr/4.8.1/../../../../avr/lib/avr5/libm.a(fp_pscA.o)
                                                  /usr/share/arduino/hardware/tools/avr/bin/../lib/gcc/avr/4.8.1/../../../../avr/lib/avr5/libm.a(mulsf3x.o)
                                                  /usr/share/arduino/hardware/tools/avr/bin/../lib/gcc/avr/4.8.1/../../../../avr/lib/avr5/libm.a(divsf3x.o)
                                                  /usr/share/arduino/hardware/tools/avr/bin/../lib/gcc/avr/4.8.1/../../../../avr/lib/avr5/libm.a(addsf3x.o)
__fp_pscB                                         /usr/share/arduino/hardware/tools/avr/bin/../lib/gcc/avr/4.8.1/../../../../avr/lib/avr5/libm.a(fp_pscB.o)
                                                  /usr/share/arduino/hardware/tools/avr/bin/../lib/gcc/avr/4.8.1/../../../../avr/lib/avr5/libm.a(mulsf3x.o)
                                                  /usr/share/arduino/hardware/tools/avr/bin/../lib/gcc/avr/4.8.1/../../../../avr/lib/avr5/libm.a(divsf3x.o)
                                                  /usr/share/arduino/hardware/tools/avr/bin/../lib/gcc/avr/4.8.1/../../../../avr/lib/avr5/libm.a(addsf3x.o)
__fp_round                                        /usr/share/arduino/hardware/tools/avr/bin/../lib/gcc/avr/4.8.1/../../../../avr/lib/avr5/libm.a(fp_round.o)
                                                  /usr/share/arduino/hardware/tools/avr/bin/../lib/gcc/avr/4.8.1/../../../../avr/lib/avr5/libm.a(mulsf3.o)
                                                  /usr/share/arduino/hardware/tools/avr/bin/../lib/gcc/avr/4.8.1/../../../../avr/lib/avr5/libm.a(divsf3.o)
                                                  /usr/share/arduino/hardware/tools/avr/bin/../lib/gcc/avr/4.8.1/../../../../avr/lib/avr5/libm.a(addsf3.o)
__fp_split3                                       /usr/share/arduino/hardware/tools/avr/bin/../lib/gcc/avr/4.8.1/../../../../avr/lib/avr5/libm.a(fp_split3.o)
                                                  /usr/share/arduino/hardware/tools/avr/bin/../lib/gcc/avr/4.8.1/../../../../avr/lib/avr5/libm.a(mulsf3x.o)
                                                  /usr/share/arduino/hardware/tools/avr/bin/../lib/gcc/avr/4.8.1/../../../../avr/lib/avr5/libm.a(divsf3x.o)
                                                  /usr/share/arduino/hardware/tools/avr/bin/../lib/gcc/avr/4.8.1/../../../../avr/lib/avr5/libm.a(addsf3x.o)
__fp_splitA                                       /usr/share/arduino/hardware/tools/avr/bin/../lib/gcc/avr/4.8.1/../../../../avr/lib/avr5/libm.a(fp_split3.o)
                                                  /usr/share/arduino/hardware/tools/avr/bin/../lib/gcc/avr/4.8.1/../../../../avr/lib/avr5/libm.a(fixunssfsi.o)
__fp_szero                                        /usr/share/arduino/hardware/tools/avr/bin/../lib/gcc/avr/4.8.1/../../../../avr/lib/avr5/libm.a(fp_zero.o)
                                                  /usr/share/arduino/hardware/tools/avr/bin/../lib/gcc/avr/4.8.1/../../../../avr/lib/avr5/libm.a(mulsf3x.o)
                                                  /usr/share/arduino/hardware/tools/avr/bin/../lib/gcc/avr/4.8.1/../../../../avr/lib/avr5/libm.a(fixsfsi.o)
                                                  /usr/share/arduino/hardware/tools/avr/bin/../lib/gcc/avr/4.8.1/../../../../avr/lib/avr5/libm.a(divsf3x.o)
__fp_zero                                         /usr/share/arduino/hardware/tools/avr/bin/../lib/gcc/avr/4.8.1/../../../../avr/lib/avr5/libm.a(fp_zero.o)
                                                  /usr/share/arduino/hardware/tools/avr/bin/../lib/gcc/avr/4.8.1/../../../../avr/lib/avr5/libm.a(fixunssfsi.o)
                                                  /usr/share/arduino/hardware/tools/avr/bin/../lib/gcc/avr/4.8.1/../../../../avr/lib/avr5/libm.a(addsf3x.o)
__gesf2                                           /usr/share/arduino/hardware/tools/avr/bin/../lib/gcc/avr/4.8.1/../../../../avr/lib/avr5/libm.a(gesf2.o)
__gtsf2                                           /usr/share/arduino/hardware/tools/avr/bin/../lib/gcc/avr/4.8.1/../../../../avr/lib/avr5/libm.a(gesf2.o)
                                                  bin/libcore.a(Print.o)
__heap_end                                        /usr/share/arduino/hardware/tools/avr/bin/../lib/gcc/avr/4.8.1/../../../../avr/lib/avr5/crtm32u4.o
__init                                            /usr/share/arduino/hardware/tools/avr/bin/../lib/gcc/avr/4.8.1/../../../../avr/lib/avr5/crtm32u4.o
__lesf2                                           /usr/share/arduino/hardware/tools/avr/bin/../lib/gcc/avr/4.8.1/../../../../avr/lib/avr5/libm.a(cmpsf2.o)
                                                  bin/libcore.a(Print.o)
__ltsf2                                           /usr/share/arduino/hardware/tools/avr/bin/../lib/gcc/avr/4.8.1/../../../../avr/lib/avr5/libm.a(cmpsf2.o)
                                                  bin/libcore.a(Print.o)
__mulsf3                                          /usr/share/arduino/hardware/tools/avr/bin/../lib/gcc/avr/4.8.1/../../../../avr/lib/avr5/libm.a(mulsf3.o)
                                                  bin/libcore.a(Print.o)
__mulsf3_pse                                      /usr/share/arduino/hardware/tools/avr/bin/../lib/gcc/avr/4.8.1/../../../../avr/lib/avr5/libm.a(mulsf3x.o)
__mulsf3x                                         /usr/share/arduino/hardware/tools/avr/bin/../lib/gcc/avr/4.8.1/../../../../avr/lib/avr5/libm.a(mulsf3x.o)
                                                  /usr/share/arduino/hardware/tools/avr/bin/../lib/gcc/avr/4.8.1/../../../../avr/lib/avr5/libm.a(mulsf3.o)
__nesf2                                           /usr/share/arduino/hardware/tools/avr/bin/../lib/gcc/avr/4.8.1/../../../../avr/lib/avr5/libm.a(cmpsf2.o)
__stack                                           /usr/share/arduino/hardware/tools/avr/bin/../lib/gcc/avr/4.8.1/../../../../avr/lib/avr5/crtm32u4.o
__subsf3                                          /usr/share/arduino/hardware/tools/avr/bin/../lib/gcc/avr/4.8.1/../../../../avr/lib/avr5/libm.a(addsf3.o)
                                                  bin/libcore.a(Print.o)
__tablejump2__                                    /usr/share/arduino/hardware/tools/avr/bin/../lib/gcc/avr/4.8.1/avr5/libgcc.a(_tablejump.o)
                                                  bin/libcore.a(wiring_digital.o)
__tablejump__                                     /usr/share/arduino/hardware/tools/avr/bin/../lib/gcc/avr/4.8.1/avr5/libgcc.a(_tablejump.o)
                                                  /usr/share/arduino/hardware/tools/avr/bin/../lib/gcc/avr/4.8.1/avr5/libgcc.a(_ctors.o)
__udivmodsi4                                      /usr/share/arduino/hardware/tools/avr/bin/../lib/gcc/avr/4.8.1/avr5/libgcc.a(_udivmodsi4.o)
                                                  bin/libcore.a(HardwareSerial.o)
                                                  bin/libcore.a(Print.o)
                                                  bin/Wire.o
__unordsf2                                        /usr/share/arduino/hardware/tools/avr/bin/../lib/gcc/avr/4.8.1/../../../../avr/lib/avr5/libm.a(unordsf2.o)
                                                  bin/libcore.a(Print.o)
__vector_1                                        /usr/share/arduino/hardware/tools/avr/bin/../lib/gcc/avr/4.8.1/../../../../avr/lib/avr5/crtm32u4.o
__vector_10                                       bin/libcore.a(USBCore.o)
                                                  /usr/share/arduino/hardware/tools/avr/bin/../lib/gcc/avr/4.8.1/../../../../avr/lib/avr5/crtm32u4.o
__vector_11                                       bin/libcore.a(USBCore.o)
                                                  /usr/share/arduino/hardware/tools/avr/bin/../lib/gcc/avr/4.8.1/../../../../avr/lib/avr5/crtm32u4.o
__vector_12                                       /usr/share/arduino/hardware/tools/avr/bin/../lib/gcc/avr/4.8.1/../../../../avr/lib/avr5/crtm32u4.o
__vector_13                                       /usr/share/arduino/hardware/tools/avr/bin/../lib/gcc/avr/4.8.1/../../../../avr/lib/avr5/crtm32u4.o
__vector_14                                       /usr/share/arduino/hardware/tools/avr/bin/../lib/gcc/avr/4.8.1/../../../../avr/lib/avr5/crtm32u4.o
__vector_15                                       /usr/share/arduino/hardware/tools/avr/bin/../lib/gcc/avr/4.8.1/../../../../avr/lib/avr5/crtm32u4.o
__vector_16                                       /usr/share/arduino/hardware/tools/avr/bin/../lib/gcc/avr/4.8.1/../../../../avr/lib/avr5/crtm32u4.o
__vector_17                                       /usr/share/arduino/hardware/tools/avr/bin/../lib/gcc/avr/4.8.1/../../../../avr/lib/avr5/crtm32u4.o
__vector_18                                       /usr/share/arduino/hardware/tools/avr/bin/../lib/gcc/avr/4.8.1/../../../../avr/lib/avr5/crtm32u4.o
__vector_19                                       /usr/share/arduino/hardware/tools/avr/bin/../lib/gcc/avr/4.8.1/../../../../avr/lib/avr5/crtm32u4.o
__vector_2                                        /usr/share/arduino/hardware/tools/avr/bin/../lib/gcc/avr/4.8.1/../../../../avr/lib/avr5/crtm32u4.o
__vector_20                                       /usr/share/arduino/hardware/tools/avr/bin/../lib/gcc/avr/4.8.1/../../../../avr/lib/avr5/crtm32u4.o
__vector_21                                       /usr/share/arduino/hardware/tools/avr/bin/../lib/gcc/avr/4.8.1/../../../../avr/lib/avr5/crtm32u4.o
__vector_22                                       /usr/share/arduino/hardware/tools/avr/bin/../lib/gcc/avr/4.8.1/../../../../avr/lib/avr5/crtm32u4.o
__vector_23                                       bin/libcore.a(wiring.o)
                                                  /usr/share/arduino/hardware/tools/avr/bin/../lib/gcc/avr/4.8.1/../../../../avr/lib/avr5/crtm32u4.o
__vector_24                                       /usr/share/arduino/hardware/tools/avr/bin/../lib/gcc/avr/4.8.1/../../../../avr/lib/avr5/crtm32u4.o
__vector_25                                       bin/libcore.a(HardwareSerial1.o)
                                                  /usr/share/arduino/hardware/tools/avr/bin/../lib/gcc/avr/4.8.1/../../../../avr/lib/avr5/crtm32u4.o
__vector_26                                       bin/libcore.a(HardwareSerial1.o)
                                                  /usr/share/arduino/hardware/tools/avr/bin/../lib/gcc/avr/4.8.1/../../../../avr/lib/avr5/crtm32u4.o
__vector_27                                       /usr/share/arduino/hardware/tools/avr/bin/../lib/gcc/avr/4.8.1/../../../../avr/lib/avr5/crtm32u4.o
__vector_28                                       /usr/share/arduino/hardware/tools/avr/bin/../lib/gcc/avr/4.8.1/../../../../avr/lib/avr5/crtm32u4.o
__vector_29                                       /usr/share/arduino/hardware/tools/avr/bin/../lib/gcc/avr/4.8.1/../../../../avr/lib/avr5/crtm32u4.o
__vector_3                                        /usr/share/arduino/hardware/tools/avr/bin/../lib/gcc/avr/4.8.1/../../../../avr/lib/avr5/crtm32u4.o
__vector_30                                       /usr/share/arduino/hardware/tools/avr/bin/../lib/gcc/avr/4.8.1/../../../../avr/lib/avr5/crtm32u4.o
__vector_31                                       /usr/share/arduino/hardware/tools/avr/bin/../lib/gcc/avr/4.8.1/../../../../avr/lib/avr5/crtm32u4.o
__vector_32                                       /usr/share/arduino/hardware/tools/avr/bin/../lib/gcc/avr/4.8.1/../../../../avr/lib/avr5/crtm32u4.o
__vector_33                                       /usr/share/arduino/hardware/tools/avr/bin/../lib/gcc/avr/4.8.1/../../../../avr/lib/avr5/crtm32u4.o
__vector_34                                       /usr/share/arduino/hardware/tools/avr/bin/../lib/gcc/avr/4.8.1/../../../../avr/lib/avr5/crtm32u4.o
__vector_35                                       /usr/share/arduino/hardware/tools/avr/bin/../lib/gcc/avr/4.8.1/../../../../avr/lib/avr5/crtm32u4.o
__vector_36                                       bin/twi.o
                                                  /usr/share/arduino/hardware/tools/avr/bin/../lib/gcc/avr/4.8.1/../../../../avr/lib/avr5/crtm32u4.o
__vector_37                                       /usr/share/arduino/hardware/tools/avr/bin/../lib/gcc/avr/4.8.1/../../../../avr/lib/avr5/crtm32u4.o
__vector_38                                       /usr/share/arduino/hardware/tools/avr/bin/../lib/gcc/avr/4.8.1/../../../../avr/lib/avr5/crtm32u4.o
__vector_39                                       /usr/share/arduino/hardware/tools/avr/bin/../lib/gcc/avr/4.8.1/../../../../avr/lib/avr5/crtm32u4.o
__vector_4                                        /usr/share/arduino/hardware/tools/avr/bin/../lib/gcc/avr/4.8.1/../../../../avr/lib/avr5/crtm32u4.o
__vector_40                                       /usr/share/arduino/hardware/tools/avr/bin/../lib/gcc/avr/4.8.1/../../../../avr/lib/avr5/crtm32u4.o
__vector_41                                       /usr/share/arduino/hardware/tools/avr/bin/../lib/gcc/avr/4.8.1/../../../../avr/lib/avr5/crtm32u4.o
__vector_42                                       /usr/share/arduino/hardware/tools/avr/bin/../lib/gcc/avr/4.8.1/../../../../avr/lib/avr5/crtm32u4.o
__vector_5                                        /usr/share/arduino/hardware/tools/avr/bin/../lib/gcc/avr/4.8.1/../../../../avr/lib/avr5/crtm32u4.o
__vector_6                                        /usr/share/arduino/hardware/tools/avr/bin/../lib/gcc/avr/4.8.1/../../../../avr/lib/avr5/crtm32u4.o
__vector_7                                        /usr/share/arduino/hardware/tools/avr/bin/../lib/gcc/avr/4.8.1/../../../../avr/lib/avr5/crtm32u4.o
__vector_8                                        /usr/share/arduino/hardware/tools/avr/bin/../lib/gcc/avr/4.8.1/../../../../avr/lib/avr5/crtm32u4.o
__vector_9                                        /usr/share/arduino/hardware/tools/avr/bin/../lib/gcc/avr/4.8.1/../../../../avr/lib/avr5/crtm32u4.o
__vector_default                                  /usr/share/arduino/hardware/tools/avr/bin/../lib/gcc/avr/4.8.1/../../../../avr/lib/avr5/crtm32u4.o
__vectors                                         /usr/share/arduino/hardware/tools/avr/bin/../lib/gcc/avr/4.8.1/../../../../avr/lib/avr5/crtm32u4.o
_asciimap                                         bin/libcore.a(HID.o)
_cdcComposite                                     bin/libcore.a(USBCore.o)
_cdcInterface                                     bin/libcore.a(CDC.o)
_cend                                             bin/libcore.a(USBCore.o)
_cmark                                            bin/libcore.a(USBCore.o)
_exit                                             /usr/share/arduino/hardware/tools/avr/bin/../lib/gcc/avr/4.8.1/avr5/libgcc.a(_exit.o)
                                                  /usr/share/arduino/hardware/tools/avr/bin/../lib/gcc/avr/4.8.1/../../../../avr/lib/avr5/libc.a(abort.o)
_hidInterface                                     bin/libcore.a(HID.o)
_hidReportDescriptor                              bin/libcore.a(HID.o)
_hid_idle                                         bin/libcore.a(HID.o)
_hid_protocol                                     bin/libcore.a(HID.o)
_initEndpoints                                    bin/libcore.a(USBCore.o)
_usbConfiguration                                 bin/libcore.a(USBCore.o)
abort                                             /usr/share/arduino/hardware/tools/avr/bin/../lib/gcc/avr/4.8.1/../../../../avr/lib/avr5/libc.a(abort.o)
                                                  bin/libcore.a(abi.o)
analog_pin_to_channel_PGM                         bin/libcore.a(wiring_digital.o)
atexit                                            bin/libcore.a(main.o)
delay                                             bin/libcore.a(wiring.o)
                                                  bin/libcore.a(USBCore.o)
                                                  bin/libcore.a(CDC.o)
                                                  bin/blink.o
delayMicroseconds                                 bin/libcore.a(wiring.o)
digitalRead                                       bin/libcore.a(wiring_digital.o)
digitalWrite                                      bin/libcore.a(wiring_digital.o)
                                                  bin/SPI.o
                                                  bin/twi.o
                                                  bin/blink.o
digital_pin_to_bit_mask_PGM                       bin/libcore.a(wiring_digital.o)
                                                  bin/SPI.o
digital_pin_to_port_PGM                           bin/libcore.a(wiring_digital.o)
                                                  bin/SPI.o
digital_pin_to_timer_PGM                          bin/libcore.a(wiring_digital.o)
exit                                              /usr/share/arduino/hardware/tools/avr/bin/../lib/gcc/avr/4.8.1/avr5/libgcc.a(_exit.o)
                                                  /usr/share/arduino/hardware/tools/avr/bin/../lib/gcc/avr/4.8.1/../../../../avr/lib/avr5/crtm32u4.o
init                                              bin/libcore.a(wiring.o)
                                                  bin/libcore.a(main.o)
initVariant                                       bin/libcore.a(main.o)
loop                                              bin/blink.o
                                                  bin/libcore.a(main.o)
main                                              bin/libcore.a(main.o)
                                                  /usr/share/arduino/hardware/tools/avr/bin/../lib/gcc/avr/4.8.1/../../../../avr/lib/avr5/crtm32u4.o
micros                                            bin/libcore.a(wiring.o)
millis                                            bin/libcore.a(wiring.o)
pinMode                                           bin/libcore.a(wiring_digital.o)
                                                  bin/SPI.o
                                                  bin/blink.o
port_to_input_PGM                                 bin/libcore.a(wiring_digital.o)
port_to_mode_PGM                                  bin/libcore.a(wiring_digital.o)
                                                  bin/SPI.o
port_to_output_PGM                                bin/libcore.a(wiring_digital.o)
setup                                             bin/blink.o
                                                  bin/libcore.a(main.o)
timer0_millis                                     bin/libcore.a(wiring.o)
timer0_overflow_count                             bin/libcore.a(wiring.o)
twi_attachSlaveRxEvent                            bin/twi.o
                                                  bin/Wire.o
twi_attachSlaveTxEvent                            bin/twi.o
                                                  bin/Wire.o
twi_init                                          bin/twi.o
                                                  bin/Wire.o
twi_readFrom                                      bin/twi.o
                                                  bin/Wire.o
twi_releaseBus                                    bin/twi.o
twi_reply                                         bin/twi.o
twi_setAddress                                    bin/twi.o
                                                  bin/Wire.o
twi_stop                                          bin/twi.o
twi_transmit                                      bin/twi.o
                                                  bin/Wire.o
twi_writeTo                                       bin/twi.o
                                                  bin/Wire.o
yield                                             bin/libcore.a(hooks.o)
                                                  bin/libcore.a(wiring.o)
